{
    "single_fastq_rd": {
        "content": [
            "SRR6109255_one_fastq.grouped-family-sizes.txt:md5,29eb69ede70485d5893c581211586590"
        ],
        "meta": {
            "nf-test": "0.9.0",
            "nextflow": "24.04.4"
        },
        "timestamp": "2024-11-13T16:29:47.975703"
    },
    "single_fastq_ht_software_versions": {
        "content": [
            "{ALIGN_CONSENSUS_BAM={bwa=0.7.18-r1243-dirty, fgbio=2.4.0, samtools=1.21}, ALIGN_RAW_BAM={bwa=0.7.18-r1243-dirty, fgbio=2.4.0, samtools=1.21}, CALLANDFILTERMOLECULARCONSENSUSREADS={fgbio=2.4.0}, FASTQC={fastqc=0.12.1}, FASTQTOBAM={fgbio=2.4.0}, GROUPREADSBYUMI={fgbio=2.4.0}, Workflow={nf-core/fastquorum=v1.2.0}}"
        ],
        "meta": {
            "nf-test": "0.9.0",
            "nextflow": "24.04.4"
        },
        "timestamp": "2024-11-13T16:32:31.491983"
    },
    "single_fastq_rd_software_versions": {
        "content": [
            "{ALIGN_CONSENSUS_BAM={bwa=0.7.18-r1243-dirty, fgbio=2.4.0, samtools=1.21}, ALIGN_RAW_BAM={bwa=0.7.18-r1243-dirty, fgbio=2.4.0, samtools=1.21}, CALLMOLECULARCONSENSUSREADS={fgbio=2.4.0}, FASTQC={fastqc=0.12.1}, FASTQTOBAM={fgbio=2.4.0}, FILTERCONSENSUSREADS={fgbio=2.4.0}, GROUPREADSBYUMI={fgbio=2.4.0}, Workflow={nf-core/fastquorum=v1.2.0}}"
        ],
        "meta": {
            "nf-test": "0.9.0",
            "nextflow": "24.04.4"
        },
        "timestamp": "2024-11-13T16:29:47.970557"
    },
    "single_fastq_ht": {
        "content": [
            "SRR6109255_one_fastq.grouped-family-sizes.txt:md5,29eb69ede70485d5893c581211586590"
        ],
        "meta": {
            "nf-test": "0.9.0",
            "nextflow": "24.04.4"
        },
        "timestamp": "2024-11-13T16:32:31.496755"
    }
}
