{
    "tiny_rd_software_versions": {
        "content": [
            "{ALIGN_CONSENSUS_BAM={bwa=0.7.18-r1243-dirty, fgbio=2.4.0, samtools=1.21}, ALIGN_RAW_BAM={bwa=0.7.18-r1243-dirty, fgbio=2.4.0, samtools=1.21}, CALLDDUPLEXCONSENSUSREADS={fgbio=2.4.0}, COLLECTDUPLEXSEQMETRICS={fgbio=2.4.0}, FASTQC={fastqc=0.12.1}, FASTQTOBAM={fgbio=2.4.0}, FILTERCONSENSUSREADS={fgbio=2.4.0}, GROUPREADSBYUMI={fgbio=2.4.0}, Workflow={nf-core/fastquorum=v1.3.0dev}}"
        ],
        "meta": {
            "nf-test": "0.9.0",
            "nextflow": "24.04.4"
        },
        "timestamp": "2024-11-13T16:35:50.97039"
    },
    "tiny_ht_software_versions": {
        "content": [
            "{ALIGN_CONSENSUS_BAM={bwa=0.7.18-r1243-dirty, fgbio=2.4.0, samtools=1.21}, ALIGN_RAW_BAM={bwa=0.7.18-r1243-dirty, fgbio=2.4.0, samtools=1.21}, CALLANDFILTERDUPLEXCONSENSUSREADS={fgbio=2.4.0}, COLLECTDUPLEXSEQMETRICS={fgbio=2.4.0}, FASTQC={fastqc=0.12.1}, FASTQTOBAM={fgbio=2.4.0}, GROUPREADSBYUMI={fgbio=2.4.0}, Workflow={nf-core/fastquorum=v1.3.0dev}}"
        ],
        "meta": {
            "nf-test": "0.9.0",
            "nextflow": "24.04.4"
        },
        "timestamp": "2024-11-13T16:38:43.703611"
    },
    "tiny_rd": {
        "content": [
            "SRR6109255.grouped-family-sizes.txt:md5,d2b8b8eb6c01a58f9aea6596b44e3735",
            "SRR6109255.duplex_seq_metrics.family_sizes.txt:md5,1439dc926491ef89f34dc5c56dc61b56"
        ],
        "meta": {
            "nf-test": "0.8.4",
            "nextflow": "23.10.1"
        },
        "timestamp": "2024-05-19T23:42:19.171887"
    },
    "tiny_ht": {
        "content": [
            "SRR6109255.grouped-family-sizes.txt:md5,d2b8b8eb6c01a58f9aea6596b44e3735",
            "SRR6109255.duplex_seq_metrics.family_sizes.txt:md5,1439dc926491ef89f34dc5c56dc61b56"
        ],
        "meta": {
            "nf-test": "0.8.4",
            "nextflow": "23.10.1"
        },
        "timestamp": "2024-05-19T23:48:57.112733"
    }
}
